[2026-07-19 21:57:05] [local_helper.py:67] [INFO] -> Grupo cargado con éxito: 1 ancla identificada y 1409 vecinos.
[2026-07-19 21:57:05] [local_helper.py:88] [INFO] -> Gráfico local exportado exitosamente a: lime_local_impact_index_383_xgb_full_ridge_1000samples_neighborhood_xgb_full_val_anchor0.17_radius_0.35.png
[2026-07-19 21:57:58] [local_helper.py:67] [INFO] -> Grupo cargado con éxito: 1 ancla identificada y 1977 vecinos.
[2026-07-19 21:57:59] [local_helper.py:88] [INFO] -> Gráfico local exportado exitosamente a: lime_local_impact_index_1222_xgb_full_ridge_1000samples_neighborhood_xgb_full_val_anchor0.125_radius_0.35.png
[2026-07-19 21:58:54] [local_helper.py:67] [INFO] -> Grupo cargado con éxito: 1 ancla identificada y 5866 vecinos.
[2026-07-19 21:58:54] [local_helper.py:88] [INFO] -> Gráfico local exportado exitosamente a: lime_local_impact_index_3726_xgb_full_ridge_1000samples_neighborhood_xgb_full_val_anchor0.075_radius_0.35.png
[2026-07-19 22:00:59] [local_helper.py:65] [WARNING] -> Se encontraron 3 anclas (registros duplicados/idénticos).
[2026-07-19 22:00:59] [local_helper.py:88] [INFO] -> Gráfico local exportado exitosamente a: lime_local_impact_index_20813_xgb_full_ridge_1000samples_neighborhood_xgb_full_val_anchor0.025_radius_0.35.png
[2026-07-19 22:10:50] [local_helper.py:174] [INFO] -> Panel de dispersión de estabilidad generado en: stability_scatter_lime_stability_ridge_neighborhood_xgb_full_val_anchor0.025_radius_0.35.png
[2026-07-19 22:10:59] [local_helper.py:174] [INFO] -> Panel de dispersión de estabilidad generado en: stability_scatter_lime_stability_ridge_neighborhood_xgb_full_val_anchor0.075_radius_0.35.png
[2026-07-19 22:11:07] [local_helper.py:174] [INFO] -> Panel de dispersión de estabilidad generado en: stability_scatter_lime_stability_ridge_neighborhood_xgb_full_val_anchor0.125_radius_0.35.png
[2026-07-19 22:11:19] [local_helper.py:174] [INFO] -> Panel de dispersión de estabilidad generado en: stability_scatter_lime_stability_ridge_neighborhood_xgb_full_val_anchor0.17_radius_0.35.png
[2026-07-19 22:13:49] [local_helper.py:65] [WARNING] -> Se encontraron 3 anclas (registros duplicados/idénticos).
[2026-07-19 22:13:50] [local_helper.py:88] [INFO] -> Gráfico local exportado exitosamente a: shap_local_impact_index_20813_xgb_full_neighborhood_xgb_full_val_anchor0.025_radius_0.35.png
[2026-07-19 22:21:24] [local_helper.py:65] [WARNING] -> Se encontraron 3 anclas (registros duplicados/idénticos).
[2026-07-19 22:21:24] [local_helper.py:88] [INFO] -> Gráfico local exportado exitosamente a: shap_local_impact_index_20813_xgb_full_neighborhood_xgb_full_val_anchor0.025_radius_0.35.png
[2026-07-19 22:22:09] [local_helper.py:67] [INFO] -> Grupo cargado con éxito: 1 ancla identificada y 5866 vecinos.
[2026-07-19 22:22:10] [local_helper.py:88] [INFO] -> Gráfico local exportado exitosamente a: shap_local_impact_index_3726_xgb_full_neighborhood_xgb_full_val_anchor0.075_radius_0.35.png
[2026-07-19 22:22:24] [local_helper.py:67] [INFO] -> Grupo cargado con éxito: 1 ancla identificada y 1977 vecinos.
[2026-07-19 22:22:24] [local_helper.py:88] [INFO] -> Gráfico local exportado exitosamente a: shap_local_impact_index_1222_xgb_full_neighborhood_xgb_full_val_anchor0.125_radius_0.35.png
[2026-07-19 22:22:37] [local_helper.py:67] [INFO] -> Grupo cargado con éxito: 1 ancla identificada y 1409 vecinos.
[2026-07-19 22:22:38] [local_helper.py:88] [INFO] -> Gráfico local exportado exitosamente a: shap_local_impact_index_383_xgb_full_neighborhood_xgb_full_val_anchor0.17_radius_0.35.png
[2026-07-19 22:23:14] [local_helper.py:174] [INFO] -> Panel de dispersión de estabilidad generado en: stability_scatter_shap_stability_neighborhood_xgb_full_val_anchor0.025_radius_0.35.png
[2026-07-19 22:23:24] [local_helper.py:174] [INFO] -> Panel de dispersión de estabilidad generado en: stability_scatter_shap_stability_neighborhood_xgb_full_val_anchor0.075_radius_0.35.png
[2026-07-19 22:23:35] [local_helper.py:174] [INFO] -> Panel de dispersión de estabilidad generado en: stability_scatter_shap_stability_neighborhood_xgb_full_val_anchor0.125_radius_0.35.png
[2026-07-19 22:23:42] [local_helper.py:174] [INFO] -> Panel de dispersión de estabilidad generado en: stability_scatter_shap_stability_neighborhood_xgb_full_val_anchor0.17_radius_0.35.png
[2026-07-19 22:24:47] [local_helper.py:174] [INFO] -> Panel de dispersión de estabilidad generado en: stability_scatter_shap_stability_neighborhood_xgb_full_val_anchor0.17_radius_0.35.png
[2026-07-19 22:26:37] [local_helper.py:174] [INFO] -> Panel de dispersión de estabilidad generado en: stability_scatter_shap_stability_neighborhood_xgb_full_val_anchor0.17_radius_0.35.png
[2026-07-19 22:27:02] [local_helper.py:174] [INFO] -> Panel de dispersión de estabilidad generado en: stability_scatter_shap_stability_neighborhood_xgb_full_val_anchor0.17_radius_0.35.png
[2026-07-19 22:27:13] [local_helper.py:174] [INFO] -> Panel de dispersión de estabilidad generado en: stability_scatter_shap_stability_neighborhood_xgb_full_val_anchor0.125_radius_0.35.png
[2026-07-19 22:27:18] [local_helper.py:174] [INFO] -> Panel de dispersión de estabilidad generado en: stability_scatter_shap_stability_neighborhood_xgb_full_val_anchor0.075_radius_0.35.png
[2026-07-19 22:27:24] [local_helper.py:174] [INFO] -> Panel de dispersión de estabilidad generado en: stability_scatter_shap_stability_neighborhood_xgb_full_val_anchor0.025_radius_0.35.png
[2026-07-19 22:27:35] [local_helper.py:174] [INFO] -> Panel de dispersión de estabilidad generado en: stability_scatter_lime_stability_ridge_neighborhood_xgb_full_val_anchor0.17_radius_0.35.png
[2026-07-19 22:27:45] [local_helper.py:174] [INFO] -> Panel de dispersión de estabilidad generado en: stability_scatter_lime_stability_ridge_neighborhood_xgb_full_val_anchor0.125_radius_0.35.png
[2026-07-19 22:27:56] [local_helper.py:174] [INFO] -> Panel de dispersión de estabilidad generado en: stability_scatter_lime_stability_ridge_neighborhood_xgb_full_val_anchor0.075_radius_0.35.png
[2026-07-19 22:28:18] [local_helper.py:174] [INFO] -> Panel de dispersión de estabilidad generado en: stability_scatter_lime_stability_ridge_neighborhood_xgb_full_val_anchor0.025_radius_0.35.png
[2026-07-19 22:37:51] [local_helper.py:232] [INFO] -> Reporte estadístico exhaustivo guardado en: summary_shap_stability_neighborhood_xgb_full_val_anchor0.17_radius_0.35.csv
[2026-07-19 22:40:13] [local_helper.py:234] [INFO] -> Reporte estadístico exhaustivo guardado en: summary_shap_stability_neighborhood_xgb_full_val_anchor0.17_radius_0.35.csv
[2026-07-19 22:40:39] [local_helper.py:234] [INFO] -> Reporte estadístico exhaustivo guardado en: summary_shap_stability_neighborhood_xgb_full_val_anchor0.125_radius_0.35.csv
[2026-07-19 22:40:48] [local_helper.py:234] [INFO] -> Reporte estadístico exhaustivo guardado en: summary_shap_stability_neighborhood_xgb_full_val_anchor0.075_radius_0.35.csv
[2026-07-19 22:40:55] [local_helper.py:234] [INFO] -> Reporte estadístico exhaustivo guardado en: summary_shap_stability_neighborhood_xgb_full_val_anchor0.025_radius_0.35.csv
[2026-07-19 22:41:22] [local_helper.py:234] [INFO] -> Reporte estadístico exhaustivo guardado en: summary_shap_stability_neighborhood_xgb_full_val_anchor0.17_radius_0.35.csv
[2026-07-19 22:41:28] [local_helper.py:234] [INFO] -> Reporte estadístico exhaustivo guardado en: summary_shap_stability_neighborhood_xgb_full_val_anchor0.125_radius_0.35.csv
[2026-07-19 22:41:36] [local_helper.py:234] [INFO] -> Reporte estadístico exhaustivo guardado en: summary_shap_stability_neighborhood_xgb_full_val_anchor0.025_radius_0.35.csv
[2026-07-19 22:41:42] [local_helper.py:234] [INFO] -> Reporte estadístico exhaustivo guardado en: summary_shap_stability_neighborhood_xgb_full_val_anchor0.075_radius_0.35.csv
[2026-07-19 22:42:59] [local_helper.py:234] [INFO] -> Reporte estadístico exhaustivo guardado en: summary_lime_stability_ridge_neighborhood_xgb_full_val_anchor0.025_radius_0.35.csv
[2026-07-19 22:43:06] [local_helper.py:234] [INFO] -> Reporte estadístico exhaustivo guardado en: summary_lime_stability_ridge_neighborhood_xgb_full_val_anchor0.075_radius_0.35.csv
[2026-07-19 22:43:12] [local_helper.py:234] [INFO] -> Reporte estadístico exhaustivo guardado en: summary_lime_stability_ridge_neighborhood_xgb_full_val_anchor0.125_radius_0.35.csv
[2026-07-19 22:43:17] [local_helper.py:234] [INFO] -> Reporte estadístico exhaustivo guardado en: summary_lime_stability_ridge_neighborhood_xgb_full_val_anchor0.17_radius_0.35.csv
[2026-07-19 22:50:28] [local_helper.py:174] [INFO] -> Panel de dispersión de estabilidad generado en: stability_scatter_lime_stability_ridge_neighborhood_xgb_full_val_anchor0.025_radius_0.35.png
[2026-07-19 22:52:47] [local_helper.py:233] [INFO] -> Reporte estadístico exhaustivo guardado en: summary_lime_stability_ridge_neighborhood_xgb_full_val_anchor0.025_radius_0.35.csv
[2026-07-19 22:52:48] [local_helper.py:174] [INFO] -> Panel de dispersión de estabilidad generado en: stability_scatter_lime_stability_ridge_neighborhood_xgb_full_val_anchor0.025_radius_0.35.png
[2026-07-19 22:52:49] [local_helper.py:292] [INFO] -> Gráfico de distribuciones (Hist/Boxplot) generado en: stability_dist_lime_stability_ridge_neighborhood_xgb_full_val_anchor0.025_radius_0.35.png
[2026-07-19 22:53:44] [local_helper.py:233] [INFO] -> Reporte estadístico exhaustivo guardado en: summary_lime_stability_ridge_neighborhood_xgb_full_val_anchor0.075_radius_0.35.csv
[2026-07-19 22:53:45] [local_helper.py:174] [INFO] -> Panel de dispersión de estabilidad generado en: stability_scatter_lime_stability_ridge_neighborhood_xgb_full_val_anchor0.075_radius_0.35.png
[2026-07-19 22:53:45] [local_helper.py:292] [INFO] -> Gráfico de distribuciones (Hist/Boxplot) generado en: stability_dist_lime_stability_ridge_neighborhood_xgb_full_val_anchor0.075_radius_0.35.png
[2026-07-19 22:53:54] [local_helper.py:233] [INFO] -> Reporte estadístico exhaustivo guardado en: summary_lime_stability_ridge_neighborhood_xgb_full_val_anchor0.125_radius_0.35.csv
[2026-07-19 22:53:54] [local_helper.py:174] [INFO] -> Panel de dispersión de estabilidad generado en: stability_scatter_lime_stability_ridge_neighborhood_xgb_full_val_anchor0.125_radius_0.35.png
[2026-07-19 22:53:54] [local_helper.py:292] [INFO] -> Gráfico de distribuciones (Hist/Boxplot) generado en: stability_dist_lime_stability_ridge_neighborhood_xgb_full_val_anchor0.125_radius_0.35.png
[2026-07-19 22:54:03] [local_helper.py:233] [INFO] -> Reporte estadístico exhaustivo guardado en: summary_lime_stability_ridge_neighborhood_xgb_full_val_anchor0.17_radius_0.35.csv
[2026-07-19 22:54:04] [local_helper.py:174] [INFO] -> Panel de dispersión de estabilidad generado en: stability_scatter_lime_stability_ridge_neighborhood_xgb_full_val_anchor0.17_radius_0.35.png
[2026-07-19 22:54:04] [local_helper.py:292] [INFO] -> Gráfico de distribuciones (Hist/Boxplot) generado en: stability_dist_lime_stability_ridge_neighborhood_xgb_full_val_anchor0.17_radius_0.35.png
[2026-07-19 22:55:11] [local_helper.py:233] [INFO] -> Reporte estadístico exhaustivo guardado en: summary_shap_stability_neighborhood_xgb_full_val_anchor0.075_radius_0.35.csv
[2026-07-19 22:55:11] [local_helper.py:174] [INFO] -> Panel de dispersión de estabilidad generado en: stability_scatter_shap_stability_neighborhood_xgb_full_val_anchor0.075_radius_0.35.png
[2026-07-19 22:55:12] [local_helper.py:292] [INFO] -> Gráfico de distribuciones (Hist/Boxplot) generado en: stability_dist_shap_stability_neighborhood_xgb_full_val_anchor0.075_radius_0.35.png
[2026-07-19 22:55:19] [local_helper.py:233] [INFO] -> Reporte estadístico exhaustivo guardado en: summary_shap_stability_neighborhood_xgb_full_val_anchor0.025_radius_0.35.csv
[2026-07-19 22:55:20] [local_helper.py:174] [INFO] -> Panel de dispersión de estabilidad generado en: stability_scatter_shap_stability_neighborhood_xgb_full_val_anchor0.025_radius_0.35.png
[2026-07-19 22:55:22] [local_helper.py:292] [INFO] -> Gráfico de distribuciones (Hist/Boxplot) generado en: stability_dist_shap_stability_neighborhood_xgb_full_val_anchor0.025_radius_0.35.png
[2026-07-19 22:55:29] [local_helper.py:233] [INFO] -> Reporte estadístico exhaustivo guardado en: summary_shap_stability_neighborhood_xgb_full_val_anchor0.125_radius_0.35.csv
[2026-07-19 22:55:29] [local_helper.py:174] [INFO] -> Panel de dispersión de estabilidad generado en: stability_scatter_shap_stability_neighborhood_xgb_full_val_anchor0.125_radius_0.35.png
[2026-07-19 22:55:30] [local_helper.py:292] [INFO] -> Gráfico de distribuciones (Hist/Boxplot) generado en: stability_dist_shap_stability_neighborhood_xgb_full_val_anchor0.125_radius_0.35.png
[2026-07-19 22:55:38] [local_helper.py:233] [INFO] -> Reporte estadístico exhaustivo guardado en: summary_shap_stability_neighborhood_xgb_full_val_anchor0.17_radius_0.35.csv
[2026-07-19 22:55:38] [local_helper.py:174] [INFO] -> Panel de dispersión de estabilidad generado en: stability_scatter_shap_stability_neighborhood_xgb_full_val_anchor0.17_radius_0.35.png
[2026-07-19 22:55:39] [local_helper.py:292] [INFO] -> Gráfico de distribuciones (Hist/Boxplot) generado en: stability_dist_shap_stability_neighborhood_xgb_full_val_anchor0.17_radius_0.35.png
[2026-07-20 14:13:05] [local_helper.py:65] [WARNING] -> Se encontraron 3 anclas (registros duplicados/idénticos).
[2026-07-20 14:13:06] [local_helper.py:112] [INFO] -> Gráfico local exportado exitosamente a: shap_local_impact_index_20813_xgb_full_neighborhood_xgb_full_val_anchor0.025_radius_0.35.png
[2026-07-20 14:16:32] [local_helper.py:67] [INFO] -> Grupo cargado con éxito: 1 ancla identificada y 1409 vecinos.
[2026-07-20 14:16:33] [local_helper.py:112] [INFO] -> Gráfico local exportado exitosamente a: lime_local_impact_index_383_xgb_full_ridge_1000samples_neighborhood_xgb_full_val_anchor0.17_radius_0.35.png
[2026-07-20 14:21:06] [local_helper.py:67] [INFO] -> Grupo cargado con éxito: 1 ancla identificada y 1409 vecinos.
[2026-07-20 14:21:06] [local_helper.py:112] [INFO] -> Gráfico local exportado exitosamente a: shap_local_impact_index_383_xgb_full_neighborhood_xgb_full_val_anchor0.17_radius_0.35.png
[2026-07-20 14:23:31] [local_helper.py:67] [INFO] -> Grupo cargado con éxito: 1 ancla identificada y 1977 vecinos.
[2026-07-20 14:23:32] [local_helper.py:112] [INFO] -> Gráfico local exportado exitosamente a: shap_local_impact_index_1222_xgb_full_neighborhood_xgb_full_val_anchor0.125_radius_0.35.png
[2026-07-20 14:24:22] [local_helper.py:67] [INFO] -> Grupo cargado con éxito: 1 ancla identificada y 5866 vecinos.
[2026-07-20 14:24:23] [local_helper.py:112] [INFO] -> Gráfico local exportado exitosamente a: shap_local_impact_index_3726_xgb_full_neighborhood_xgb_full_val_anchor0.075_radius_0.35.png
[2026-07-20 14:24:59] [local_helper.py:65] [WARNING] -> Se encontraron 3 anclas (registros duplicados/idénticos).
[2026-07-20 14:25:00] [local_helper.py:112] [INFO] -> Gráfico local exportado exitosamente a: shap_local_impact_index_20813_xgb_full_neighborhood_xgb_full_val_anchor0.025_radius_0.35.png
[2026-07-20 14:27:04] [local_helper.py:67] [INFO] -> Grupo cargado con éxito: 1 ancla identificada y 5866 vecinos.
[2026-07-20 14:27:04] [local_helper.py:112] [INFO] -> Gráfico local exportado exitosamente a: lime_local_impact_index_3726_xgb_full_ridge_1000samples_neighborhood_xgb_full_val_anchor0.075_radius_0.35.png
[2026-07-20 14:30:25] [local_helper.py:67] [INFO] -> Grupo cargado con éxito: 1 ancla identificada y 1977 vecinos.
[2026-07-20 14:30:25] [local_helper.py:112] [INFO] -> Gráfico local exportado exitosamente a: lime_local_impact_index_1222_xgb_full_ridge_1000samples_neighborhood_xgb_full_val_anchor0.125_radius_0.35.png
[2026-07-20 14:31:43] [local_helper.py:67] [INFO] -> Grupo cargado con éxito: 1 ancla identificada y 1409 vecinos.
[2026-07-20 14:31:43] [local_helper.py:112] [INFO] -> Gráfico local exportado exitosamente a: lime_local_impact_index_383_xgb_full_ridge_1000samples_neighborhood_xgb_full_val_anchor0.17_radius_0.35.png
[2026-07-20 16:49:32] [local_helper.py:65] [WARNING] -> Se encontraron 3 anclas (registros duplicados/idénticos).
[2026-07-20 16:49:33] [local_helper.py:112] [INFO] -> Gráfico local exportado exitosamente a: lime_local_impact_index_20813_xgb_full_ridge_1000samples_neighborhood_xgb_full_val_anchor0.025_radius_0.35.png
[2026-07-24 22:37:06] [local_helper.py:259] [INFO] -> Reporte estadístico exhaustivo guardado en: summary_shap_stability_neighborhood_xgb_full_val_anchor0.025_radius_0.35.csv
[2026-07-24 22:37:33] [local_helper.py:259] [INFO] -> Reporte estadístico exhaustivo guardado en: summary_shap_stability_neighborhood_xgb_full_val_anchor0.075_radius_0.35.csv
[2026-07-24 22:37:45] [local_helper.py:259] [INFO] -> Reporte estadístico exhaustivo guardado en: summary_shap_stability_neighborhood_xgb_full_val_anchor0.125_radius_0.35.csv
[2026-07-24 22:37:58] [local_helper.py:259] [INFO] -> Reporte estadístico exhaustivo guardado en: summary_shap_stability_neighborhood_xgb_full_val_anchor0.17_radius_0.35.csv
[2026-07-24 22:38:55] [local_helper.py:259] [INFO] -> Reporte estadístico exhaustivo guardado en: summary_lime_stability_ridge_neighborhood_xgb_full_val_anchor0.025_radius_0.35.csv
[2026-07-24 22:39:16] [local_helper.py:259] [INFO] -> Reporte estadístico exhaustivo guardado en: summary_lime_stability_ridge_neighborhood_xgb_full_val_anchor0.075_radius_0.35.csv
[2026-07-24 22:39:28] [local_helper.py:259] [INFO] -> Reporte estadístico exhaustivo guardado en: summary_lime_stability_ridge_neighborhood_xgb_full_val_anchor0.125_radius_0.35.csv
[2026-07-24 22:39:41] [local_helper.py:259] [INFO] -> Reporte estadístico exhaustivo guardado en: summary_lime_stability_ridge_neighborhood_xgb_full_val_anchor0.17_radius_0.35.csv
[2026-07-25 10:22:40] [local_helper.py:281] [INFO] -> Reporte estadístico exhaustivo guardado en: summary_lime_stability_ridge_neighborhood_xgb_full_val_anchor0.025_radius_0.35.csv
[2026-07-25 10:28:50] [local_helper.py:281] [INFO] -> Reporte estadístico exhaustivo guardado en: summary_lime_stability_ridge_neighborhood_xgb_full_val_anchor0.075_radius_0.35.csv
[2026-07-25 10:28:59] [local_helper.py:281] [INFO] -> Reporte estadístico exhaustivo guardado en: summary_lime_stability_ridge_neighborhood_xgb_full_val_anchor0.125_radius_0.35.csv
[2026-07-25 10:29:08] [local_helper.py:281] [INFO] -> Reporte estadístico exhaustivo guardado en: summary_lime_stability_ridge_neighborhood_xgb_full_val_anchor0.17_radius_0.35.csv
