[2026-07-05 22:24:24] [local_helper.py:28] [DEBUG] -> LocalStabilityAnalyzer inicializado para el modelo 'xgb' (full).
[2026-07-05 22:24:24] [shapley.py:50] [INFO] -> Iniciando análisis de estabilidad SHAP local para 'xgb'...
[2026-07-05 22:24:24] [local_helper.py:56] [INFO] -> Grupo cargado con éxito: 1 ancla identificada y 1409 vecinos.
[2026-07-05 22:24:24] [shapley.py:67] [DEBUG] -> Variables continuas escaladas previo a calcular SHAP.
[2026-07-05 22:29:05] [local_helper.py:28] [DEBUG] -> LocalStabilityAnalyzer inicializado para el modelo 'xgb' (full).
[2026-07-05 22:29:05] [shapley.py:50] [INFO] -> Iniciando análisis de estabilidad SHAP local para 'xgb'...
[2026-07-05 22:29:05] [local_helper.py:56] [INFO] -> Grupo cargado con éxito: 1 ancla identificada y 1409 vecinos.
[2026-07-05 22:29:05] [shapley.py:67] [DEBUG] -> Variables continuas escaladas previo a calcular SHAP.
[2026-07-05 22:29:06] [local_helper.py:84] [INFO] -> Gráfico local exportado exitosamente a: shap_local_xgb_full_anchor.png
[2026-07-05 22:29:07] [shapley.py:118] [INFO] -> Reporte de estabilidad SHAP guardado en: shap_stability_xgb_full.csv
[2026-07-05 22:29:07] [shapley.py:119] [INFO] -> Lipschitz promedio del vecindario: 1.0942
[2026-07-05 22:45:03] [local_helper.py:186] [INFO] -> Panel de dispersión de estabilidad generado en: stability_scatter_shap_stability_xgb_full.png
[2026-07-05 22:45:46] [local_helper.py:28] [DEBUG] -> LocalStabilityAnalyzer inicializado para el modelo 'xgb' (full).
[2026-07-05 22:45:46] [shapley.py:50] [INFO] -> Iniciando análisis de estabilidad SHAP local para 'xgb'...
[2026-07-05 22:45:46] [local_helper.py:54] [WARNING] -> Se encontraron 3 anclas (registros duplicados/idénticos).
[2026-07-05 22:45:46] [shapley.py:67] [DEBUG] -> Variables continuas escaladas previo a calcular SHAP.
[2026-07-05 22:45:47] [local_helper.py:84] [INFO] -> Gráfico local exportado exitosamente a: shap_local_xgb_full_anchor.png
[2026-07-05 22:46:10] [shapley.py:118] [INFO] -> Reporte de estabilidad SHAP guardado en: shap_stability_xgb_full.csv
[2026-07-05 22:46:10] [shapley.py:119] [INFO] -> Lipschitz promedio del vecindario: 2.7863
[2026-07-05 22:48:44] [local_helper.py:28] [DEBUG] -> LocalStabilityAnalyzer inicializado para el modelo 'xgb' (full).
[2026-07-05 22:48:44] [shapley.py:50] [INFO] -> Iniciando análisis de estabilidad SHAP local para 'xgb'...
[2026-07-05 22:48:44] [local_helper.py:56] [INFO] -> Grupo cargado con éxito: 1 ancla identificada y 1409 vecinos.
[2026-07-05 22:48:44] [shapley.py:67] [DEBUG] -> Variables continuas escaladas previo a calcular SHAP.
[2026-07-05 22:48:45] [local_helper.py:84] [INFO] -> Gráfico local exportado exitosamente a: shap_local_xgb_full_anchor.png
[2026-07-05 22:48:46] [shapley.py:119] [INFO] -> Reporte de estabilidad SHAP guardado en: shap_stability_xgb_full.csv
[2026-07-05 22:48:46] [shapley.py:120] [INFO] -> Lipschitz promedio del vecindario: 1.0942
[2026-07-05 22:50:11] [local_helper.py:28] [DEBUG] -> LocalStabilityAnalyzer inicializado para el modelo 'xgb' (full).
[2026-07-05 22:50:11] [shapley.py:50] [INFO] -> Iniciando análisis de estabilidad SHAP local para 'xgb'...
[2026-07-05 22:50:11] [local_helper.py:56] [INFO] -> Grupo cargado con éxito: 1 ancla identificada y 1409 vecinos.
[2026-07-05 22:50:11] [shapley.py:67] [DEBUG] -> Variables continuas escaladas previo a calcular SHAP.
[2026-07-05 22:50:11] [local_helper.py:84] [INFO] -> Gráfico local exportado exitosamente a: shap_local_xgb_full_anchor.png
[2026-07-05 22:50:12] [shapley.py:119] [INFO] -> Reporte de estabilidad SHAP guardado en: shap_stability_neighborhood_xgb_full_val_anchor0.17_radius_0.35.csv
[2026-07-05 22:50:12] [shapley.py:120] [INFO] -> Lipschitz promedio del vecindario: 1.0942
[2026-07-05 22:51:00] [local_helper.py:28] [DEBUG] -> LocalStabilityAnalyzer inicializado para el modelo 'xgb' (full).
[2026-07-05 22:51:00] [shapley.py:50] [INFO] -> Iniciando análisis de estabilidad SHAP local para 'xgb'...
[2026-07-05 22:51:00] [local_helper.py:54] [WARNING] -> Se encontraron 3 anclas (registros duplicados/idénticos).
[2026-07-05 22:51:00] [shapley.py:67] [DEBUG] -> Variables continuas escaladas previo a calcular SHAP.
[2026-07-05 22:51:01] [local_helper.py:84] [INFO] -> Gráfico local exportado exitosamente a: shap_local_xgb_full_anchor.png
[2026-07-05 22:51:24] [shapley.py:119] [INFO] -> Reporte de estabilidad SHAP guardado en: shap_stability_neighborhood_xgb_full_val_anchor0.025_radius_0.35.csv
[2026-07-05 22:51:24] [shapley.py:120] [INFO] -> Lipschitz promedio del vecindario: 2.7863
[2026-07-05 22:52:41] [local_helper.py:28] [DEBUG] -> LocalStabilityAnalyzer inicializado para el modelo 'xgb' (full).
[2026-07-05 22:52:41] [shapley.py:50] [INFO] -> Iniciando análisis de estabilidad SHAP local para 'xgb'...
[2026-07-05 22:52:41] [local_helper.py:56] [INFO] -> Grupo cargado con éxito: 1 ancla identificada y 1409 vecinos.
[2026-07-05 22:52:41] [shapley.py:67] [DEBUG] -> Variables continuas escaladas previo a calcular SHAP.
[2026-07-05 22:52:41] [local_helper.py:86] [ERROR] -> Fallo al guardar la figura shap_local_xgb_full_anchor.png: Format '35-shap_local_impact (xgb)' is not supported (supported formats: eps, jpeg, jpg, pdf, pgf, png, ps, raw, rgba, svg, svgz, tif, tiff, webp)
[2026-07-05 22:52:42] [shapley.py:119] [INFO] -> Reporte de estabilidad SHAP guardado en: shap_stability_neighborhood_xgb_full_val_anchor0.17_radius_0.35.csv
[2026-07-05 22:52:42] [shapley.py:120] [INFO] -> Lipschitz promedio del vecindario: 1.0942
[2026-07-05 22:54:34] [local_helper.py:28] [DEBUG] -> LocalStabilityAnalyzer inicializado para el modelo 'xgb' (full).
[2026-07-05 22:54:34] [shapley.py:50] [INFO] -> Iniciando análisis de estabilidad SHAP local para 'xgb'...
[2026-07-05 22:54:34] [local_helper.py:56] [INFO] -> Grupo cargado con éxito: 1 ancla identificada y 1409 vecinos.
[2026-07-05 22:54:34] [shapley.py:67] [DEBUG] -> Variables continuas escaladas previo a calcular SHAP.
[2026-07-05 22:54:34] [local_helper.py:84] [INFO] -> Gráfico local exportado exitosamente a: neighborhood_xgb_full_val_anchor0.17_radius_0.35-SHAP_Local_Impact (XGB).png
[2026-07-05 22:54:35] [shapley.py:119] [INFO] -> Reporte de estabilidad SHAP guardado en: shap_stability_neighborhood_xgb_full_val_anchor0.17_radius_0.35.csv
[2026-07-05 22:54:35] [shapley.py:120] [INFO] -> Lipschitz promedio del vecindario: 1.0942
[2026-07-05 22:55:00] [local_helper.py:28] [DEBUG] -> LocalStabilityAnalyzer inicializado para el modelo 'xgb' (full).
[2026-07-05 22:55:00] [shapley.py:50] [INFO] -> Iniciando análisis de estabilidad SHAP local para 'xgb'...
[2026-07-05 22:55:00] [local_helper.py:54] [WARNING] -> Se encontraron 3 anclas (registros duplicados/idénticos).
[2026-07-05 22:55:00] [shapley.py:67] [DEBUG] -> Variables continuas escaladas previo a calcular SHAP.
[2026-07-05 22:55:01] [local_helper.py:84] [INFO] -> Gráfico local exportado exitosamente a: neighborhood_xgb_full_val_anchor0.025_radius_0.35-SHAP_Local_Impact (XGB).png
[2026-07-05 22:55:24] [shapley.py:119] [INFO] -> Reporte de estabilidad SHAP guardado en: shap_stability_neighborhood_xgb_full_val_anchor0.025_radius_0.35.csv
[2026-07-05 22:55:24] [shapley.py:120] [INFO] -> Lipschitz promedio del vecindario: 2.7863
[2026-07-05 22:55:36] [local_helper.py:28] [DEBUG] -> LocalStabilityAnalyzer inicializado para el modelo 'xgb' (full).
[2026-07-05 22:55:36] [shapley.py:50] [INFO] -> Iniciando análisis de estabilidad SHAP local para 'xgb'...
[2026-07-05 22:55:36] [local_helper.py:56] [INFO] -> Grupo cargado con éxito: 1 ancla identificada y 5866 vecinos.
[2026-07-05 22:55:36] [shapley.py:67] [DEBUG] -> Variables continuas escaladas previo a calcular SHAP.
[2026-07-05 22:55:37] [local_helper.py:84] [INFO] -> Gráfico local exportado exitosamente a: neighborhood_xgb_full_val_anchor0.075_radius_0.35-SHAP_Local_Impact (XGB).png
[2026-07-05 22:55:41] [shapley.py:119] [INFO] -> Reporte de estabilidad SHAP guardado en: shap_stability_neighborhood_xgb_full_val_anchor0.075_radius_0.35.csv
[2026-07-05 22:55:41] [shapley.py:120] [INFO] -> Lipschitz promedio del vecindario: 1.6362
[2026-07-05 22:56:06] [local_helper.py:28] [DEBUG] -> LocalStabilityAnalyzer inicializado para el modelo 'xgb' (full).
[2026-07-05 22:56:06] [shapley.py:50] [INFO] -> Iniciando análisis de estabilidad SHAP local para 'xgb'...
[2026-07-05 22:56:06] [local_helper.py:56] [INFO] -> Grupo cargado con éxito: 1 ancla identificada y 1977 vecinos.
[2026-07-05 22:56:06] [shapley.py:67] [DEBUG] -> Variables continuas escaladas previo a calcular SHAP.
[2026-07-05 22:56:06] [local_helper.py:84] [INFO] -> Gráfico local exportado exitosamente a: neighborhood_xgb_full_val_anchor0.125_radius_0.35-SHAP_Local_Impact (XGB).png
[2026-07-05 22:56:08] [shapley.py:119] [INFO] -> Reporte de estabilidad SHAP guardado en: shap_stability_neighborhood_xgb_full_val_anchor0.125_radius_0.35.csv
[2026-07-05 22:56:08] [shapley.py:120] [INFO] -> Lipschitz promedio del vecindario: 1.2142
[2026-07-05 22:56:41] [local_helper.py:186] [INFO] -> Panel de dispersión de estabilidad generado en: stability_scatter_shap_stability_xgb_full.png
[2026-07-05 22:58:32] [local_helper.py:186] [INFO] -> Panel de dispersión de estabilidad generado en: stability_scatter_shap_stability_neighborhood_xgb_full_val_anchor0.17_radius_0.35.png
[2026-07-05 22:58:46] [local_helper.py:186] [INFO] -> Panel de dispersión de estabilidad generado en: stability_scatter_shap_stability_neighborhood_xgb_full_val_anchor0.17_radius_0.35.png
[2026-07-05 22:58:58] [local_helper.py:186] [INFO] -> Panel de dispersión de estabilidad generado en: stability_scatter_shap_stability_neighborhood_xgb_full_val_anchor0.075_radius_0.35.png
[2026-07-05 22:59:08] [local_helper.py:186] [INFO] -> Panel de dispersión de estabilidad generado en: stability_scatter_shap_stability_neighborhood_xgb_full_val_anchor0.075_radius_0.35.png
[2026-07-05 23:00:04] [local_helper.py:186] [INFO] -> Panel de dispersión de estabilidad generado en: stability_scatter_shap_stability_neighborhood_xgb_full_val_anchor0.025_radius_0.35.png
[2026-07-05 23:00:21] [local_helper.py:186] [INFO] -> Panel de dispersión de estabilidad generado en: stability_scatter_shap_stability_neighborhood_xgb_full_val_anchor0.125_radius_0.35.png
